-- rFunc-rename --
renaming "sFunc" to "rFunc" not possible because "cuelang.org/go/pkg/golang_x_tools_internal/lsp/rename/bad" has errors
