-- rFunc-rename --
renaming "sFunc" to "rFunc" not possible because "cuelang.org/go/pkg/lsp/rename/bad" has errors
