-- Flamingo-rename --
crosspkg.go:
package crosspkg

func Flamingo() { //@rename("Foo", "Dolphin")

}

var Bar int //@rename("Bar", "Tomato")

other.go:
package other

import "cuelang.org/go/pkg/lsp/rename/crosspkg"

func Other() {
	crosspkg.Bar
	crosspkg.Flamingo() //@rename("Foo", "Flamingo")
}

